[2025-08-07 18:07:35,891: INFO: main: Welcome to our custom logger]
[2025-08-12 10:12:06,912: INFO: common: YAML file: config\config.yaml loaded successfully]
[2025-08-12 10:12:06,942: INFO: common: YAML file: params.yaml loaded successfully]
[2025-08-12 10:14:33,499: INFO: common: YAML file: config\config.yaml loaded successfully]
[2025-08-12 10:14:33,504: INFO: common: YAML file: params.yaml loaded successfully]
[2025-08-12 10:14:33,508: INFO: common: created directory at: artifacts]
[2025-08-12 10:14:33,511: INFO: common: created directory at: artifacts/data_ingestion]
[2025-08-12 10:14:33,515: INFO: 2031851159: Downloading file from: https://drive.google.com/file/d/1v2lrZ65u8pzyOXcfmhEXyZ-6p5AYII5F/view?usp=sharing into file artifacts/data_ingestion/data.zip]
[2025-08-12 10:14:46,271: INFO: 2031851159: Download data from https://drive.google.com/file/d/1v2lrZ65u8pzyOXcfmhEXyZ-6p5AYII5F/view?usp=sharing into file artifacts/data_ingestion/data.zip]
[2025-08-12 13:53:16,262: INFO: main: >>>>> stage Data Ingestion stage started <<<<<<<]
[2025-08-12 13:53:16,265: INFO: common: YAML file: config\config.yaml loaded successfully]
[2025-08-12 13:53:16,267: INFO: common: YAML file: params.yaml loaded successfully]
[2025-08-12 13:53:16,268: INFO: common: created directory at: artifacts]
[2025-08-12 13:53:16,269: INFO: common: created directory at: artifacts/data_ingestion]
[2025-08-12 13:53:16,271: INFO: data_ingestion: Downloading data from https://drive.google.com/file/d/1v2lrZ65u8pzyOXcfmhEXyZ-6p5AYII5F/view?usp=sharing into file artifacts/data_ingestion/data.zip]
[2025-08-12 13:53:28,012: INFO: data_ingestion: Downloaded data from https://drive.google.com/file/d/1v2lrZ65u8pzyOXcfmhEXyZ-6p5AYII5F/view?usp=sharing into file artifacts/data_ingestion/data.zip]
[2025-08-12 13:53:29,281: INFO: main: >>>>> stage Data Ingestion stage completed <<<<<<<

x==========x

]
[2025-08-12 17:16:34,014: INFO: common: YAML file: config\config.yaml loaded successfully]
[2025-08-12 17:16:34,044: INFO: common: YAML file: params.yaml loaded successfully]
[2025-08-12 17:16:34,048: INFO: common: created directory at: artifacts]
[2025-08-12 17:16:34,052: INFO: common: created directory at: artifacts/prepare_base_model]
[2025-08-12 17:20:02,293: INFO: common: YAML file: config\config.yaml loaded successfully]
[2025-08-12 17:20:02,300: INFO: common: YAML file: params.yaml loaded successfully]
[2025-08-12 17:20:02,303: INFO: common: created directory at: artifacts]
[2025-08-12 17:20:02,306: INFO: common: created directory at: artifacts/prepare_base_model]
[2025-08-12 17:21:43,876: INFO: common: YAML file: config\config.yaml loaded successfully]
[2025-08-12 17:21:43,883: INFO: common: YAML file: params.yaml loaded successfully]
[2025-08-12 17:21:43,886: INFO: common: created directory at: artifacts]
[2025-08-12 17:21:43,890: INFO: common: created directory at: artifacts/prepare_base_model]
[2025-08-12 17:27:25,769: INFO: common: YAML file: config\config.yaml loaded successfully]
[2025-08-12 17:27:25,777: INFO: common: YAML file: params.yaml loaded successfully]
[2025-08-12 17:27:25,781: INFO: common: created directory at: artifacts]
[2025-08-12 17:27:25,783: INFO: common: created directory at: artifacts/prepare_base_model]
[2025-08-12 17:37:01,346: INFO: common: YAML file: config\config.yaml loaded successfully]
[2025-08-12 17:37:01,355: INFO: common: YAML file: params.yaml loaded successfully]
[2025-08-12 17:37:01,358: INFO: common: created directory at: artifacts]
[2025-08-12 17:37:01,362: INFO: common: created directory at: artifacts/prepare_base_model]
[2025-08-12 17:38:02,150: INFO: common: YAML file: config\config.yaml loaded successfully]
[2025-08-12 17:38:02,157: INFO: common: YAML file: params.yaml loaded successfully]
[2025-08-12 17:38:02,162: INFO: common: created directory at: artifacts]
[2025-08-12 17:38:02,164: INFO: common: created directory at: artifacts/prepare_base_model]
[2025-08-12 17:44:20,098: INFO: common: YAML file: config\config.yaml loaded successfully]
[2025-08-12 17:44:20,106: INFO: common: YAML file: params.yaml loaded successfully]
[2025-08-12 17:44:20,109: INFO: common: created directory at: artifacts]
[2025-08-12 17:44:20,111: INFO: common: created directory at: artifacts/prepare_base_model]
[2025-08-12 17:52:04,465: INFO: common: YAML file: config\config.yaml loaded successfully]
[2025-08-12 17:52:04,471: INFO: common: YAML file: params.yaml loaded successfully]
[2025-08-12 17:52:04,474: INFO: common: created directory at: artifacts]
[2025-08-12 17:52:04,477: INFO: common: created directory at: artifacts/prepare_base_model]
[2025-08-12 17:52:05,387: WARNING: saving_utils: Compiled the loaded model, but the compiled metrics have yet to be built. `model.compile_metrics` will be empty until you train or evaluate the model.]
[2025-08-13 09:28:02,446: INFO: main: >>>>> stage Data Ingestion stage started <<<<<<<]
[2025-08-13 09:28:02,454: INFO: common: YAML file: config\config.yaml loaded successfully]
[2025-08-13 09:28:02,459: INFO: common: YAML file: params.yaml loaded successfully]
[2025-08-13 09:28:02,460: INFO: common: created directory at: artifacts]
[2025-08-13 09:28:02,462: INFO: common: created directory at: artifacts/data_ingestion]
[2025-08-13 09:28:02,465: INFO: data_ingestion: Downloading data from https://drive.google.com/file/d/1v2lrZ65u8pzyOXcfmhEXyZ-6p5AYII5F/view?usp=sharing into file artifacts/data_ingestion/data.zip]
[2025-08-13 09:28:15,304: INFO: data_ingestion: Downloaded data from https://drive.google.com/file/d/1v2lrZ65u8pzyOXcfmhEXyZ-6p5AYII5F/view?usp=sharing into file artifacts/data_ingestion/data.zip]
[2025-08-13 09:28:16,844: INFO: main: >>>>> stage Data Ingestion stage completed <<<<<<<

x==========x

]
[2025-08-13 09:28:16,844: INFO: main: ************************]
[2025-08-13 09:28:16,845: INFO: main: >>>>> stage Prepare base model started <<<<<<<]
[2025-08-13 09:28:16,849: INFO: common: YAML file: config\config.yaml loaded successfully]
[2025-08-13 09:28:16,856: INFO: common: YAML file: params.yaml loaded successfully]
[2025-08-13 09:28:16,857: INFO: common: created directory at: artifacts]
[2025-08-13 09:28:16,858: INFO: common: created directory at: artifacts/prepare_base_model]
[2025-08-13 09:28:18,112: WARNING: saving_utils: Compiled the loaded model, but the compiled metrics have yet to be built. `model.compile_metrics` will be empty until you train or evaluate the model.]
[2025-08-13 09:28:18,560: INFO: main: >>>>> stage Prepare base model completed <<<<<<<

x==========x

]
[2025-08-13 13:10:41,958: INFO: common: YAML file: config\config.yaml loaded successfully]
[2025-08-13 13:10:41,973: INFO: common: YAML file: params.yaml loaded successfully]
[2025-08-13 13:10:41,978: INFO: common: created directory at: artifacts]
[2025-08-13 13:10:41,982: INFO: common: created directory at: artifacts\training]
[2025-08-13 13:18:34,660: INFO: common: YAML file: config\config.yaml loaded successfully]
[2025-08-13 13:18:34,669: INFO: common: YAML file: params.yaml loaded successfully]
[2025-08-13 13:18:34,673: INFO: common: created directory at: artifacts]
[2025-08-13 13:18:34,677: INFO: common: created directory at: artifacts\training]
[2025-08-13 13:19:20,860: INFO: common: YAML file: config\config.yaml loaded successfully]
[2025-08-13 13:19:20,867: INFO: common: YAML file: params.yaml loaded successfully]
[2025-08-13 13:19:20,870: INFO: common: created directory at: artifacts]
[2025-08-13 13:19:20,872: INFO: common: created directory at: artifacts\training]
[2025-08-13 13:31:32,189: INFO: common: YAML file: config\config.yaml loaded successfully]
[2025-08-13 13:31:32,196: INFO: common: YAML file: params.yaml loaded successfully]
[2025-08-13 13:31:32,200: INFO: common: created directory at: artifacts]
[2025-08-13 13:31:32,203: INFO: common: created directory at: artifacts\training]
[2025-08-13 13:39:30,375: INFO: common: YAML file: config\config.yaml loaded successfully]
[2025-08-13 13:39:30,385: INFO: common: YAML file: params.yaml loaded successfully]
[2025-08-13 13:39:30,389: INFO: common: created directory at: artifacts]
[2025-08-13 13:39:30,394: INFO: common: created directory at: artifacts\training]
[2025-08-13 13:45:52,004: INFO: common: YAML file: config\config.yaml loaded successfully]
[2025-08-13 13:45:52,010: INFO: common: YAML file: params.yaml loaded successfully]
[2025-08-13 13:45:52,016: INFO: common: created directory at: artifacts]
[2025-08-13 13:45:52,019: INFO: common: created directory at: artifacts\training]
[2025-08-13 14:21:37,718: INFO: main: >>>>> stage Data Ingestion stage started <<<<<<<]
[2025-08-13 14:21:37,725: INFO: common: YAML file: config\config.yaml loaded successfully]
[2025-08-13 14:21:37,729: INFO: common: YAML file: params.yaml loaded successfully]
[2025-08-13 14:21:37,731: INFO: common: created directory at: artifacts]
[2025-08-13 14:21:37,733: INFO: common: created directory at: artifacts/data_ingestion]
[2025-08-13 14:21:37,734: INFO: data_ingestion: Downloading data from https://drive.google.com/file/d/1v2lrZ65u8pzyOXcfmhEXyZ-6p5AYII5F/view?usp=sharing into file artifacts/data_ingestion/data.zip]
[2025-08-13 14:21:49,770: INFO: data_ingestion: Downloaded data from https://drive.google.com/file/d/1v2lrZ65u8pzyOXcfmhEXyZ-6p5AYII5F/view?usp=sharing into file artifacts/data_ingestion/data.zip]
[2025-08-13 14:21:51,675: INFO: main: >>>>> stage Data Ingestion stage completed <<<<<<<

x==========x

]
[2025-08-13 14:21:51,676: INFO: main: ************************]
[2025-08-13 14:21:51,676: INFO: main: >>>>> stage Prepare base model started <<<<<<<]
[2025-08-13 14:21:51,682: INFO: common: YAML file: config\config.yaml loaded successfully]
[2025-08-13 14:21:51,690: INFO: common: YAML file: params.yaml loaded successfully]
[2025-08-13 14:21:51,692: INFO: common: created directory at: artifacts]
[2025-08-13 14:21:51,694: INFO: common: created directory at: artifacts/prepare_base_model]
[2025-08-13 14:21:53,183: WARNING: saving_utils: Compiled the loaded model, but the compiled metrics have yet to be built. `model.compile_metrics` will be empty until you train or evaluate the model.]
[2025-08-13 14:21:53,637: INFO: main: >>>>> stage Prepare base model completed <<<<<<<

x==========x

]
[2025-08-13 14:21:53,638: INFO: main: ************************]
[2025-08-13 14:21:53,638: INFO: main: >>>>> stage Training started <<<<<<<]
[2025-08-13 14:21:53,644: INFO: common: YAML file: config\config.yaml loaded successfully]
[2025-08-13 14:21:53,648: INFO: common: YAML file: params.yaml loaded successfully]
[2025-08-13 14:21:53,649: INFO: common: created directory at: artifacts]
[2025-08-13 14:21:53,651: INFO: common: created directory at: artifacts\training]
[2025-08-13 14:23:47,769: INFO: main: >>>>> stage Training completed <<<<<<<

x==========x

]
[2025-08-14 17:34:40,460: INFO: common: YAML file: config\config.yaml loaded successfully]
[2025-08-14 17:34:40,508: INFO: common: YAML file: params.yaml loaded successfully]
[2025-08-14 17:34:40,512: INFO: common: created directory at: artifacts]
[2025-08-14 17:47:27,118: INFO: common: YAML file: config\config.yaml loaded successfully]
[2025-08-14 17:47:27,124: INFO: common: YAML file: params.yaml loaded successfully]
[2025-08-14 17:47:27,128: INFO: common: created directory at: artifacts]
[2025-08-14 17:47:59,742: INFO: common: json file saved at: scores.json]
[2025-08-14 17:47:59,849: WARNING: connectionpool: Retrying (Retry(total=4, connect=5, read=4, redirect=5, status=5)) after connection broken by 'RemoteDisconnected('Remote end closed connection without response')': /ranjithgowda39/Kidney-Disease-Classification-Deep-Learning-Project.mlflow/api/2.0/mlflow/runs/create]
[2025-08-14 18:55:30,876: INFO: common: YAML file: config\config.yaml loaded successfully]
[2025-08-14 18:55:30,882: INFO: common: YAML file: params.yaml loaded successfully]
[2025-08-14 18:55:30,886: INFO: common: created directory at: artifacts]
[2025-08-14 18:56:03,607: INFO: common: json file saved at: scores.json]
[2025-08-14 19:08:45,144: INFO: common: YAML file: config\config.yaml loaded successfully]
[2025-08-14 19:08:45,153: INFO: common: YAML file: params.yaml loaded successfully]
[2025-08-14 19:08:45,158: INFO: common: created directory at: artifacts]
[2025-08-14 19:09:21,602: INFO: common: json file saved at: scores.json]
[2025-08-14 19:09:30,107: WARNING: save: Found untraced functions such as _jit_compiled_convolution_op, _jit_compiled_convolution_op, _jit_compiled_convolution_op, _jit_compiled_convolution_op, _jit_compiled_convolution_op while saving (showing 5 of 14). These functions will not be directly callable after loading.]
[2025-08-14 19:09:33,353: INFO: builder_impl: Assets written to: C:\Users\USER\AppData\Local\Temp\tmp_xok69c1\model\data\model\assets]
[2025-08-14 19:55:49,535: INFO: common: YAML file: config\config.yaml loaded successfully]
[2025-08-14 19:55:49,542: INFO: common: YAML file: params.yaml loaded successfully]
[2025-08-14 19:55:49,545: INFO: common: created directory at: artifacts]
[2025-08-14 19:56:21,950: INFO: common: json file saved at: scores.json]
[2025-08-14 19:56:27,675: WARNING: save: Found untraced functions such as _jit_compiled_convolution_op, _jit_compiled_convolution_op, _jit_compiled_convolution_op, _jit_compiled_convolution_op, _jit_compiled_convolution_op while saving (showing 5 of 14). These functions will not be directly callable after loading.]
[2025-08-14 19:56:30,429: INFO: builder_impl: Assets written to: C:\Users\USER\AppData\Local\Temp\tmpu7py4f57\model\data\model\assets]
[2025-08-15 11:10:30,349: INFO: common: YAML file: config\config.yaml loaded successfully]
[2025-08-15 11:10:30,376: INFO: common: YAML file: params.yaml loaded successfully]
[2025-08-15 11:10:30,379: INFO: common: created directory at: artifacts]
[2025-08-15 11:11:05,262: INFO: common: json file saved at: scores.json]
[2025-08-15 11:11:11,539: WARNING: save: Found untraced functions such as _jit_compiled_convolution_op, _jit_compiled_convolution_op, _jit_compiled_convolution_op, _jit_compiled_convolution_op, _jit_compiled_convolution_op while saving (showing 5 of 14). These functions will not be directly callable after loading.]
[2025-08-15 11:11:14,328: INFO: builder_impl: Assets written to: C:\Users\USER\AppData\Local\Temp\tmp2czezqd0\model\data\model\assets]
[2025-08-15 11:16:50,281: INFO: common: YAML file: config\config.yaml loaded successfully]
[2025-08-15 11:16:50,304: INFO: common: YAML file: params.yaml loaded successfully]
[2025-08-15 11:16:50,308: INFO: common: created directory at: artifacts]
[2025-08-15 11:17:23,450: INFO: common: json file saved at: scores.json]
[2025-08-15 11:17:31,011: WARNING: save: Found untraced functions such as _jit_compiled_convolution_op, _jit_compiled_convolution_op, _jit_compiled_convolution_op, _jit_compiled_convolution_op, _jit_compiled_convolution_op while saving (showing 5 of 14). These functions will not be directly callable after loading.]
[2025-08-15 11:17:34,930: INFO: builder_impl: Assets written to: C:\Users\USER\AppData\Local\Temp\tmpwx_37pg8\model\data\model\assets]
[2025-08-15 11:26:57,537: INFO: common: YAML file: config\config.yaml loaded successfully]
[2025-08-15 11:26:57,563: INFO: common: YAML file: params.yaml loaded successfully]
[2025-08-15 11:26:57,566: INFO: common: created directory at: artifacts]
[2025-08-15 11:27:32,355: INFO: common: json file saved at: scores.json]
[2025-08-15 11:27:38,276: WARNING: save: Found untraced functions such as _jit_compiled_convolution_op, _jit_compiled_convolution_op, _jit_compiled_convolution_op, _jit_compiled_convolution_op, _jit_compiled_convolution_op while saving (showing 5 of 14). These functions will not be directly callable after loading.]
[2025-08-15 11:27:40,848: INFO: builder_impl: Assets written to: C:\Users\USER\AppData\Local\Temp\tmpcoq2xjcb\model\data\model\assets]
[2025-08-18 12:45:54,742: INFO: main: >>>>> stage Data Ingestion stage started <<<<<<<]
[2025-08-18 12:45:54,766: INFO: common: YAML file: config\config.yaml loaded successfully]
[2025-08-18 12:45:54,786: INFO: common: YAML file: params.yaml loaded successfully]
[2025-08-18 12:45:54,788: INFO: common: created directory at: artifacts]
[2025-08-18 12:45:54,790: INFO: common: created directory at: artifacts/data_ingestion]
[2025-08-18 12:45:54,791: INFO: data_ingestion: Downloading data from https://drive.google.com/file/d/1v2lrZ65u8pzyOXcfmhEXyZ-6p5AYII5F/view?usp=sharing into file artifacts/data_ingestion/data.zip]
[2025-08-18 12:46:04,931: INFO: data_ingestion: Downloaded data from https://drive.google.com/file/d/1v2lrZ65u8pzyOXcfmhEXyZ-6p5AYII5F/view?usp=sharing into file artifacts/data_ingestion/data.zip]
[2025-08-18 12:46:06,626: INFO: main: >>>>> stage Data Ingestion stage completed <<<<<<<

x==========x

]
[2025-08-18 12:46:06,626: INFO: main: ************************]
[2025-08-18 12:46:06,627: INFO: main: >>>>> stage Prepare base model started <<<<<<<]
[2025-08-18 12:46:06,635: INFO: common: YAML file: config\config.yaml loaded successfully]
[2025-08-18 12:46:06,640: INFO: common: YAML file: params.yaml loaded successfully]
[2025-08-18 12:46:06,641: INFO: common: created directory at: artifacts]
[2025-08-18 12:46:06,643: INFO: common: created directory at: artifacts/prepare_base_model]
[2025-08-18 12:46:08,007: WARNING: saving_utils: Compiled the loaded model, but the compiled metrics have yet to be built. `model.compile_metrics` will be empty until you train or evaluate the model.]
[2025-08-18 12:46:08,474: INFO: main: >>>>> stage Prepare base model completed <<<<<<<

x==========x

]
[2025-08-18 12:46:08,475: INFO: main: ************************]
[2025-08-18 12:46:08,475: INFO: main: >>>>> stage Training started <<<<<<<]
[2025-08-18 12:46:08,482: INFO: common: YAML file: config\config.yaml loaded successfully]
[2025-08-18 12:46:08,487: INFO: common: YAML file: params.yaml loaded successfully]
[2025-08-18 12:46:08,489: INFO: common: created directory at: artifacts]
[2025-08-18 12:46:08,490: INFO: common: created directory at: artifacts\training]
[2025-08-18 12:48:05,122: INFO: main: >>>>> stage Training completed <<<<<<<

x==========x

]
[2025-08-18 12:48:05,122: INFO: main: *******************]
[2025-08-18 12:48:05,123: INFO: main: >>>>>> stage Evaluation stage started <<<<<<]
[2025-08-18 12:48:05,135: INFO: common: YAML file: config\config.yaml loaded successfully]
[2025-08-18 12:48:05,143: INFO: common: YAML file: params.yaml loaded successfully]
[2025-08-18 12:48:05,145: INFO: common: created directory at: artifacts]
[2025-08-18 12:48:42,984: INFO: common: json file saved at: scores.json]
[2025-08-18 12:48:42,986: INFO: common: json file saved at: scores.json]
[2025-08-18 12:48:44,277: ERROR: main: API request to endpoint /api/2.0/mlflow/runs/create failed with error code 401 != 200. Response body: '=============== ATTENTION! ===============

To use authentication, you must first: 
    Get your default access token from: https://dagshub.com/user/settings/tokens
    OR 
    Set a password: https://dagshub.com/user/settings/password 
==========================================']
Traceback (most recent call last):
  File "C:\Users\USER\Desktop\Practice DL End End Projects\Kidney-Disease-Classification-Deep-Learning-Project\main.py", line 48, in <module>
    model_evalution.main()
  File "c:\users\user\desktop\practice dl end end projects\kidney-disease-classification-deep-learning-project\src\cnnClassifier\pipeline\stage_04_model_evaluation.py", line 18, in main
    evaluation.log_into_mlflow()
  File "c:\users\user\desktop\practice dl end end projects\kidney-disease-classification-deep-learning-project\src\cnnClassifier\components\model_evaluation_mlflow.py", line 58, in log_into_mlflow
    with mlflow.start_run():
  File "C:\Users\USER\anaconda3\envs\kidney\lib\site-packages\mlflow\tracking\fluent.py", line 350, in start_run
    active_run_obj = client.create_run(
  File "C:\Users\USER\anaconda3\envs\kidney\lib\site-packages\mlflow\tracking\client.py", line 275, in create_run
    return self._tracking_client.create_run(experiment_id, start_time, tags, run_name)
  File "C:\Users\USER\anaconda3\envs\kidney\lib\site-packages\mlflow\tracking\_tracking_service\client.py", line 131, in create_run
    return self.store.create_run(
  File "C:\Users\USER\anaconda3\envs\kidney\lib\site-packages\mlflow\store\tracking\rest_store.py", line 175, in create_run
    response_proto = self._call_endpoint(CreateRun, req_body)
  File "C:\Users\USER\anaconda3\envs\kidney\lib\site-packages\mlflow\store\tracking\rest_store.py", line 56, in _call_endpoint
    return call_endpoint(self.get_host_creds(), endpoint, method, json_body, response_proto)
  File "C:\Users\USER\anaconda3\envs\kidney\lib\site-packages\mlflow\utils\rest_utils.py", line 281, in call_endpoint
    response = verify_rest_response(response, endpoint)
  File "C:\Users\USER\anaconda3\envs\kidney\lib\site-packages\mlflow\utils\rest_utils.py", line 213, in verify_rest_response
    raise MlflowException(
mlflow.exceptions.MlflowException: API request to endpoint /api/2.0/mlflow/runs/create failed with error code 401 != 200. Response body: '=============== ATTENTION! ===============

To use authentication, you must first: 
    Get your default access token from: https://dagshub.com/user/settings/tokens
    OR 
    Set a password: https://dagshub.com/user/settings/password 
=========================================='
[2025-08-18 12:56:08,264: INFO: main: >>>>> stage Data Ingestion stage started <<<<<<<]
[2025-08-18 12:56:08,270: INFO: common: YAML file: config\config.yaml loaded successfully]
[2025-08-18 12:56:08,276: INFO: common: YAML file: params.yaml loaded successfully]
[2025-08-18 12:56:08,278: INFO: common: created directory at: artifacts]
[2025-08-18 12:56:08,279: INFO: common: created directory at: artifacts/data_ingestion]
[2025-08-18 12:56:08,281: INFO: data_ingestion: Downloading data from https://drive.google.com/file/d/1v2lrZ65u8pzyOXcfmhEXyZ-6p5AYII5F/view?usp=sharing into file artifacts/data_ingestion/data.zip]
[2025-08-18 12:56:21,685: INFO: data_ingestion: Downloaded data from https://drive.google.com/file/d/1v2lrZ65u8pzyOXcfmhEXyZ-6p5AYII5F/view?usp=sharing into file artifacts/data_ingestion/data.zip]
[2025-08-18 12:56:23,665: INFO: main: >>>>> stage Data Ingestion stage completed <<<<<<<

x==========x

]
[2025-08-18 12:56:23,666: INFO: main: ************************]
[2025-08-18 12:56:23,667: INFO: main: >>>>> stage Prepare base model started <<<<<<<]
[2025-08-18 12:56:23,675: INFO: common: YAML file: config\config.yaml loaded successfully]
[2025-08-18 12:56:23,681: INFO: common: YAML file: params.yaml loaded successfully]
[2025-08-18 12:56:23,682: INFO: common: created directory at: artifacts]
[2025-08-18 12:56:23,685: INFO: common: created directory at: artifacts/prepare_base_model]
[2025-08-18 12:56:24,966: WARNING: saving_utils: Compiled the loaded model, but the compiled metrics have yet to be built. `model.compile_metrics` will be empty until you train or evaluate the model.]
[2025-08-18 12:56:25,425: INFO: main: >>>>> stage Prepare base model completed <<<<<<<

x==========x

]
[2025-08-18 12:56:25,426: INFO: main: ************************]
[2025-08-18 12:56:25,426: INFO: main: >>>>> stage Training started <<<<<<<]
[2025-08-18 12:56:25,434: INFO: common: YAML file: config\config.yaml loaded successfully]
[2025-08-18 12:56:25,439: INFO: common: YAML file: params.yaml loaded successfully]
[2025-08-18 12:56:25,440: INFO: common: created directory at: artifacts]
[2025-08-18 12:56:25,441: INFO: common: created directory at: artifacts\training]
[2025-08-18 12:58:19,977: INFO: main: >>>>> stage Training completed <<<<<<<

x==========x

]
[2025-08-18 12:58:19,978: INFO: main: *******************]
[2025-08-18 12:58:19,978: INFO: main: >>>>>> stage Evaluation stage started <<<<<<]
[2025-08-18 12:58:19,985: INFO: common: YAML file: config\config.yaml loaded successfully]
[2025-08-18 12:58:19,989: INFO: common: YAML file: params.yaml loaded successfully]
[2025-08-18 12:58:19,991: INFO: common: created directory at: artifacts]
[2025-08-18 12:58:55,954: INFO: common: json file saved at: scores.json]
[2025-08-18 12:58:55,956: INFO: common: json file saved at: scores.json]
[2025-08-18 12:59:02,825: WARNING: save: Found untraced functions such as _jit_compiled_convolution_op, _jit_compiled_convolution_op, _jit_compiled_convolution_op, _jit_compiled_convolution_op, _jit_compiled_convolution_op while saving (showing 5 of 14). These functions will not be directly callable after loading.]
[2025-08-18 12:59:06,082: INFO: builder_impl: Assets written to: C:\Users\USER\AppData\Local\Temp\tmp3edmzx8i\model\data\model\assets]
[2025-08-18 13:00:44,398: INFO: main: >>>>>> stage Evaluation stage completed <<<<<<

x==========x]
[2025-08-18 13:04:52,163: INFO: main: >>>>> stage Data Ingestion stage started <<<<<<<]
[2025-08-18 13:04:52,168: INFO: common: YAML file: config\config.yaml loaded successfully]
[2025-08-18 13:04:52,187: INFO: common: YAML file: params.yaml loaded successfully]
[2025-08-18 13:04:52,188: INFO: common: created directory at: artifacts]
[2025-08-18 13:04:52,189: INFO: common: created directory at: artifacts/data_ingestion]
[2025-08-18 13:04:52,189: INFO: data_ingestion: Downloading data from https://drive.google.com/file/d/1v2lrZ65u8pzyOXcfmhEXyZ-6p5AYII5F/view?usp=sharing into file artifacts/data_ingestion/data.zip]
[2025-08-18 13:05:25,078: INFO: main: >>>>> stage Data Ingestion stage started <<<<<<<]
[2025-08-18 13:05:25,087: INFO: common: YAML file: config\config.yaml loaded successfully]
[2025-08-18 13:05:25,092: INFO: common: YAML file: params.yaml loaded successfully]
[2025-08-18 13:05:25,093: INFO: common: created directory at: artifacts]
[2025-08-18 13:05:25,094: INFO: common: created directory at: artifacts/data_ingestion]
[2025-08-18 13:05:25,096: INFO: data_ingestion: Downloading data from https://drive.google.com/file/d/1v2lrZ65u8pzyOXcfmhEXyZ-6p5AYII5F/view?usp=sharing into file artifacts/data_ingestion/data.zip]
[2025-08-18 13:05:39,047: INFO: data_ingestion: Downloaded data from https://drive.google.com/file/d/1v2lrZ65u8pzyOXcfmhEXyZ-6p5AYII5F/view?usp=sharing into file artifacts/data_ingestion/data.zip]
[2025-08-18 13:05:40,934: INFO: main: >>>>> stage Data Ingestion stage completed <<<<<<<

x==========x

]
[2025-08-18 13:05:40,934: INFO: main: ************************]
[2025-08-18 13:05:40,935: INFO: main: >>>>> stage Prepare base model started <<<<<<<]
[2025-08-18 13:05:40,943: INFO: common: YAML file: config\config.yaml loaded successfully]
[2025-08-18 13:05:40,951: INFO: common: YAML file: params.yaml loaded successfully]
[2025-08-18 13:05:40,952: INFO: common: created directory at: artifacts]
[2025-08-18 13:05:40,954: INFO: common: created directory at: artifacts/prepare_base_model]
[2025-08-18 13:05:42,170: WARNING: saving_utils: Compiled the loaded model, but the compiled metrics have yet to be built. `model.compile_metrics` will be empty until you train or evaluate the model.]
[2025-08-18 13:05:42,589: INFO: main: >>>>> stage Prepare base model completed <<<<<<<

x==========x

]
[2025-08-18 13:05:42,590: INFO: main: ************************]
[2025-08-18 13:05:42,590: INFO: main: >>>>> stage Training started <<<<<<<]
[2025-08-18 13:05:42,599: INFO: common: YAML file: config\config.yaml loaded successfully]
[2025-08-18 13:05:42,603: INFO: common: YAML file: params.yaml loaded successfully]
[2025-08-18 13:05:42,604: INFO: common: created directory at: artifacts]
[2025-08-18 13:05:42,606: INFO: common: created directory at: artifacts\training]
[2025-08-18 13:08:52,322: INFO: main: >>>>> stage Training completed <<<<<<<

x==========x

]
[2025-08-18 13:08:52,323: INFO: main: *******************]
[2025-08-18 13:08:52,323: INFO: main: >>>>>> stage Evaluation stage started <<<<<<]
[2025-08-18 13:08:52,330: INFO: common: YAML file: config\config.yaml loaded successfully]
[2025-08-18 13:08:52,335: INFO: common: YAML file: params.yaml loaded successfully]
[2025-08-18 13:08:52,338: INFO: common: created directory at: artifacts]
[2025-08-18 13:09:21,633: INFO: common: json file saved at: scores.json]
[2025-08-18 13:09:21,634: INFO: common: json file saved at: scores.json]
[2025-08-18 13:09:27,525: WARNING: save: Found untraced functions such as _jit_compiled_convolution_op, _jit_compiled_convolution_op, _jit_compiled_convolution_op, _jit_compiled_convolution_op, _jit_compiled_convolution_op while saving (showing 5 of 14). These functions will not be directly callable after loading.]
[2025-08-18 13:09:30,157: INFO: builder_impl: Assets written to: C:\Users\USER\AppData\Local\Temp\tmpn628zxq0\model\data\model\assets]
[2025-08-18 13:11:08,818: INFO: main: >>>>>> stage Evaluation stage completed <<<<<<

x==========x]
[2025-08-18 13:12:52,801: INFO: main: >>>>> stage Data Ingestion stage started <<<<<<<]
[2025-08-18 13:12:52,807: INFO: common: YAML file: config\config.yaml loaded successfully]
[2025-08-18 13:12:52,825: INFO: common: YAML file: params.yaml loaded successfully]
[2025-08-18 13:12:52,826: INFO: common: created directory at: artifacts]
[2025-08-18 13:12:52,827: INFO: common: created directory at: artifacts/data_ingestion]
[2025-08-18 13:12:52,828: INFO: data_ingestion: Downloading data from https://drive.google.com/file/d/1v2lrZ65u8pzyOXcfmhEXyZ-6p5AYII5F/view?usp=sharing into file artifacts/data_ingestion/data.zip]
[2025-08-18 13:13:03,863: INFO: data_ingestion: Downloaded data from https://drive.google.com/file/d/1v2lrZ65u8pzyOXcfmhEXyZ-6p5AYII5F/view?usp=sharing into file artifacts/data_ingestion/data.zip]
[2025-08-18 13:13:05,224: INFO: main: >>>>> stage Data Ingestion stage completed <<<<<<<

x==========x

]
[2025-08-18 13:13:05,225: INFO: main: ************************]
[2025-08-18 13:13:05,225: INFO: main: >>>>> stage Prepare base model started <<<<<<<]
[2025-08-18 13:13:05,234: INFO: common: YAML file: config\config.yaml loaded successfully]
[2025-08-18 13:13:05,239: INFO: common: YAML file: params.yaml loaded successfully]
[2025-08-18 13:13:05,240: INFO: common: created directory at: artifacts]
[2025-08-18 13:13:05,240: INFO: common: created directory at: artifacts/prepare_base_model]
[2025-08-18 13:13:06,519: WARNING: saving_utils: Compiled the loaded model, but the compiled metrics have yet to be built. `model.compile_metrics` will be empty until you train or evaluate the model.]
[2025-08-18 13:13:06,973: INFO: main: >>>>> stage Prepare base model completed <<<<<<<

x==========x

]
[2025-08-18 13:13:06,974: INFO: main: ************************]
[2025-08-18 13:13:06,974: INFO: main: >>>>> stage Training started <<<<<<<]
[2025-08-18 13:13:06,981: INFO: common: YAML file: config\config.yaml loaded successfully]
[2025-08-18 13:13:06,985: INFO: common: YAML file: params.yaml loaded successfully]
[2025-08-18 13:13:06,986: INFO: common: created directory at: artifacts]
[2025-08-18 13:13:06,987: INFO: common: created directory at: artifacts\training]
[2025-08-18 13:17:55,032: INFO: main: >>>>> stage Training completed <<<<<<<

x==========x

]
[2025-08-18 13:17:55,032: INFO: main: *******************]
[2025-08-18 13:17:55,033: INFO: main: >>>>>> stage Evaluation stage started <<<<<<]
[2025-08-18 13:17:55,038: INFO: common: YAML file: config\config.yaml loaded successfully]
[2025-08-18 13:17:55,042: INFO: common: YAML file: params.yaml loaded successfully]
[2025-08-18 13:17:55,043: INFO: common: created directory at: artifacts]
[2025-08-18 13:18:26,558: INFO: common: json file saved at: scores.json]
[2025-08-18 13:18:26,560: INFO: common: json file saved at: scores.json]
[2025-08-18 13:18:32,033: WARNING: save: Found untraced functions such as _jit_compiled_convolution_op, _jit_compiled_convolution_op, _jit_compiled_convolution_op, _jit_compiled_convolution_op, _jit_compiled_convolution_op while saving (showing 5 of 14). These functions will not be directly callable after loading.]
[2025-08-18 13:18:34,625: INFO: builder_impl: Assets written to: C:\Users\USER\AppData\Local\Temp\tmprnfdx2n5\model\data\model\assets]
[2025-08-18 13:19:58,684: INFO: main: >>>>>> stage Evaluation stage completed <<<<<<

x==========x]
[2025-08-18 15:21:13,109: INFO: stage_01_data_ingestion: >>>>>>> stage Data Ingestion stage started <<<<<<<<]
[2025-08-18 15:21:13,114: INFO: common: YAML file: config\config.yaml loaded successfully]
[2025-08-18 15:21:13,119: INFO: common: YAML file: params.yaml loaded successfully]
[2025-08-18 15:21:13,121: INFO: common: created directory at: artifacts]
[2025-08-18 15:21:13,123: INFO: common: created directory at: artifacts/data_ingestion]
[2025-08-18 15:21:13,125: INFO: data_ingestion: Downloading data from https://drive.google.com/file/d/1v2lrZ65u8pzyOXcfmhEXyZ-6p5AYII5F/view?usp=sharing into file artifacts/data_ingestion/data.zip]
[2025-08-18 15:21:44,704: INFO: data_ingestion: Downloaded data from https://drive.google.com/file/d/1v2lrZ65u8pzyOXcfmhEXyZ-6p5AYII5F/view?usp=sharing into file artifacts/data_ingestion/data.zip]
[2025-08-18 15:21:46,119: INFO: stage_01_data_ingestion: >>>>>>> stage Data Ingestion stage completed <<<<<<<<]
[2025-08-18 15:28:09,027: INFO: stage_01_data_ingestion: >>>>>>> stage Data Ingestion stage started <<<<<<<<]
[2025-08-18 15:28:09,033: INFO: common: YAML file: config\config.yaml loaded successfully]
[2025-08-18 15:28:09,037: INFO: common: YAML file: params.yaml loaded successfully]
[2025-08-18 15:28:09,038: INFO: common: created directory at: artifacts]
[2025-08-18 15:28:09,039: INFO: common: created directory at: artifacts/data_ingestion]
[2025-08-18 15:28:09,040: INFO: data_ingestion: Downloading data from https://drive.google.com/file/d/1v2lrZ65u8pzyOXcfmhEXyZ-6p5AYII5F/view?usp=sharing into file artifacts/data_ingestion/data.zip]
[2025-08-18 15:28:55,154: INFO: data_ingestion: Downloaded data from https://drive.google.com/file/d/1v2lrZ65u8pzyOXcfmhEXyZ-6p5AYII5F/view?usp=sharing into file artifacts/data_ingestion/data.zip]
[2025-08-18 15:28:57,076: INFO: stage_01_data_ingestion: >>>>>>> stage Data Ingestion stage completed <<<<<<<<]
[2025-08-18 15:30:11,504: INFO: stage_01_data_ingestion: >>>>>>> stage Data Ingestion stage started <<<<<<<<]
[2025-08-18 15:30:11,511: INFO: common: YAML file: config\config.yaml loaded successfully]
[2025-08-18 15:30:11,516: INFO: common: YAML file: params.yaml loaded successfully]
[2025-08-18 15:30:11,518: INFO: common: created directory at: artifacts]
[2025-08-18 15:30:11,519: INFO: common: created directory at: artifacts/data_ingestion]
[2025-08-18 15:30:11,520: INFO: data_ingestion: Downloading data from https://drive.google.com/file/d/1v2lrZ65u8pzyOXcfmhEXyZ-6p5AYII5F/view?usp=sharing into file artifacts/data_ingestion/data.zip]
[2025-08-18 15:31:08,911: INFO: data_ingestion: Downloaded data from https://drive.google.com/file/d/1v2lrZ65u8pzyOXcfmhEXyZ-6p5AYII5F/view?usp=sharing into file artifacts/data_ingestion/data.zip]
[2025-08-18 15:31:10,828: INFO: stage_01_data_ingestion: >>>>>>> stage Data Ingestion stage completed <<<<<<<<]
[2025-08-18 15:37:08,464: INFO: stage_01_data_ingestion: >>>>>>> stage Data Ingestion stage started <<<<<<<<]
[2025-08-18 15:37:08,468: INFO: common: YAML file: config\config.yaml loaded successfully]
[2025-08-18 15:37:08,471: INFO: common: YAML file: params.yaml loaded successfully]
[2025-08-18 15:37:08,472: INFO: common: created directory at: artifacts]
[2025-08-18 15:37:08,473: INFO: common: created directory at: artifacts/data_ingestion]
[2025-08-18 15:37:08,473: INFO: data_ingestion: Downloading data from https://drive.google.com/file/d/1v2lrZ65u8pzyOXcfmhEXyZ-6p5AYII5F/view?usp=sharing into file artifacts/data_ingestion/data.zip]
[2025-08-18 15:37:59,899: INFO: data_ingestion: Downloaded data from https://drive.google.com/file/d/1v2lrZ65u8pzyOXcfmhEXyZ-6p5AYII5F/view?usp=sharing into file artifacts/data_ingestion/data.zip]
[2025-08-18 15:38:01,070: INFO: stage_01_data_ingestion: >>>>>>> stage Data Ingestion stage completed <<<<<<<<]
[2025-08-18 15:42:26,707: INFO: stage_01_data_ingestion: >>>>>>> stage Data Ingestion stage started <<<<<<<<]
[2025-08-18 15:42:26,712: INFO: common: YAML file: config\config.yaml loaded successfully]
[2025-08-18 15:42:26,717: INFO: common: YAML file: params.yaml loaded successfully]
[2025-08-18 15:42:26,718: INFO: common: created directory at: artifacts]
[2025-08-18 15:42:26,719: INFO: common: created directory at: artifacts/data_ingestion]
[2025-08-18 15:42:26,720: INFO: data_ingestion: Downloading data from https://drive.google.com/file/d/1v2lrZ65u8pzyOXcfmhEXyZ-6p5AYII5F/view?usp=sharing into file artifacts/data_ingestion/data.zip]
[2025-08-18 15:42:47,212: INFO: data_ingestion: Downloaded data from https://drive.google.com/file/d/1v2lrZ65u8pzyOXcfmhEXyZ-6p5AYII5F/view?usp=sharing into file artifacts/data_ingestion/data.zip]
[2025-08-18 15:42:48,523: INFO: stage_01_data_ingestion: >>>>>>> stage Data Ingestion stage completed <<<<<<<<]
[2025-08-18 15:44:36,296: INFO: stage_01_data_ingestion: >>>>>>> stage Data Ingestion stage started <<<<<<<<]
[2025-08-18 15:44:36,303: INFO: common: YAML file: config\config.yaml loaded successfully]
[2025-08-18 15:44:36,307: INFO: common: YAML file: params.yaml loaded successfully]
[2025-08-18 15:44:36,308: INFO: common: created directory at: artifacts]
[2025-08-18 15:44:36,310: INFO: common: created directory at: artifacts/data_ingestion]
[2025-08-18 15:44:36,311: INFO: data_ingestion: Downloading data from https://drive.google.com/file/d/1v2lrZ65u8pzyOXcfmhEXyZ-6p5AYII5F/view?usp=sharing into file artifacts/data_ingestion/data.zip]
[2025-08-18 15:44:52,583: INFO: data_ingestion: Downloaded data from https://drive.google.com/file/d/1v2lrZ65u8pzyOXcfmhEXyZ-6p5AYII5F/view?usp=sharing into file artifacts/data_ingestion/data.zip]
[2025-08-18 15:44:53,808: INFO: stage_01_data_ingestion: >>>>>>> stage Data Ingestion stage completed <<<<<<<<]
[2025-08-18 15:51:27,375: INFO: stage_01_data_ingestion: >>>>>>> stage Data Ingestion stage started <<<<<<<<]
[2025-08-18 15:51:27,382: INFO: common: YAML file: config\config.yaml loaded successfully]
[2025-08-18 15:51:27,385: INFO: common: YAML file: params.yaml loaded successfully]
[2025-08-18 15:51:27,386: INFO: common: created directory at: artifacts]
[2025-08-18 15:51:27,387: INFO: common: created directory at: artifacts/data_ingestion]
[2025-08-18 15:51:27,387: INFO: data_ingestion: Downloading data from https://drive.google.com/file/d/1v2lrZ65u8pzyOXcfmhEXyZ-6p5AYII5F/view?usp=sharing into file artifacts/data_ingestion/data.zip]
[2025-08-18 15:51:38,578: INFO: data_ingestion: Downloaded data from https://drive.google.com/file/d/1v2lrZ65u8pzyOXcfmhEXyZ-6p5AYII5F/view?usp=sharing into file artifacts/data_ingestion/data.zip]
[2025-08-18 15:51:39,882: INFO: stage_01_data_ingestion: >>>>>>> stage Data Ingestion stage completed <<<<<<<<]
[2025-08-18 16:17:06,909: INFO: stage_01_data_ingestion: >>>>>>> stage Data Ingestion stage started <<<<<<<<]
[2025-08-18 16:17:06,915: INFO: common: YAML file: config\config.yaml loaded successfully]
[2025-08-18 16:17:06,918: INFO: common: YAML file: params.yaml loaded successfully]
[2025-08-18 16:17:06,919: INFO: common: created directory at: artifacts]
[2025-08-18 16:17:06,920: INFO: common: created directory at: artifacts/data_ingestion]
[2025-08-18 16:17:06,922: INFO: data_ingestion: Downloading data from https://drive.google.com/file/d/1v2lrZ65u8pzyOXcfmhEXyZ-6p5AYII5F/view?usp=sharing into file artifacts/data_ingestion/data.zip]
[2025-08-18 16:17:19,607: INFO: data_ingestion: Downloaded data from https://drive.google.com/file/d/1v2lrZ65u8pzyOXcfmhEXyZ-6p5AYII5F/view?usp=sharing into file artifacts/data_ingestion/data.zip]
[2025-08-18 16:17:20,891: INFO: stage_01_data_ingestion: >>>>>>> stage Data Ingestion stage completed <<<<<<<<]
[2025-08-18 16:19:46,415: INFO: stage_01_data_ingestion: >>>>>>> stage Data Ingestion stage started <<<<<<<<]
[2025-08-18 16:19:46,421: INFO: common: YAML file: config\config.yaml loaded successfully]
[2025-08-18 16:19:46,426: INFO: common: YAML file: params.yaml loaded successfully]
[2025-08-18 16:19:46,428: INFO: common: created directory at: artifacts]
[2025-08-18 16:19:46,429: INFO: common: created directory at: artifacts/data_ingestion]
[2025-08-18 16:19:46,430: INFO: data_ingestion: Downloading data from https://drive.google.com/file/d/1v2lrZ65u8pzyOXcfmhEXyZ-6p5AYII5F/view?usp=sharing into file artifacts/data_ingestion/data.zip]
[2025-08-18 16:20:00,546: INFO: data_ingestion: Downloaded data from https://drive.google.com/file/d/1v2lrZ65u8pzyOXcfmhEXyZ-6p5AYII5F/view?usp=sharing into file artifacts/data_ingestion/data.zip]
[2025-08-18 16:20:01,738: INFO: stage_01_data_ingestion: >>>>>>> stage Data Ingestion stage completed <<<<<<<<]
[2025-08-18 16:20:26,500: INFO: stage_02_prepare_base_model: ************************]
[2025-08-18 16:20:26,500: INFO: stage_02_prepare_base_model: >>>>> stage Prepare base model started <<<<<<<]
[2025-08-18 16:20:26,510: INFO: common: YAML file: config\config.yaml loaded successfully]
[2025-08-18 16:20:26,514: INFO: common: YAML file: params.yaml loaded successfully]
[2025-08-18 16:20:26,515: INFO: common: created directory at: artifacts]
[2025-08-18 16:20:26,517: INFO: common: created directory at: artifacts/prepare_base_model]
[2025-08-18 16:20:27,886: WARNING: saving_utils: Compiled the loaded model, but the compiled metrics have yet to be built. `model.compile_metrics` will be empty until you train or evaluate the model.]
[2025-08-18 16:20:28,350: INFO: stage_02_prepare_base_model: >>>>> stage Prepare base model completed <<<<<<<

x==========x

]
[2025-08-18 16:20:42,001: INFO: stage_03_model_training: ************************]
[2025-08-18 16:20:42,002: INFO: stage_03_model_training: >>>>> stage Training started <<<<<<<]
[2025-08-18 16:20:42,010: INFO: common: YAML file: config\config.yaml loaded successfully]
[2025-08-18 16:20:42,015: INFO: common: YAML file: params.yaml loaded successfully]
[2025-08-18 16:20:42,017: INFO: common: created directory at: artifacts]
[2025-08-18 16:20:42,018: INFO: common: created directory at: artifacts\training]
[2025-08-18 16:26:15,636: INFO: stage_03_model_training: >>>>> stage Training completed <<<<<<<

x==========x

]
[2025-08-18 16:26:34,528: INFO: stage_04_model_evaluation: *******************]
[2025-08-18 16:26:34,529: INFO: stage_04_model_evaluation: >>>>>> stage Evaluation stage started <<<<<<]
[2025-08-18 16:26:34,538: INFO: common: YAML file: config\config.yaml loaded successfully]
[2025-08-18 16:26:34,542: INFO: common: YAML file: params.yaml loaded successfully]
[2025-08-18 16:26:34,544: INFO: common: created directory at: artifacts]
[2025-08-18 16:27:14,159: INFO: common: json file saved at: scores.json]
[2025-08-18 16:27:14,162: INFO: common: json file saved at: scores.json]
[2025-08-18 16:27:14,162: INFO: stage_04_model_evaluation: >>>>>> stage Evaluation stage completed <<<<<<

x==========x]
[2025-08-18 17:17:46,898: INFO: _internal: [31m[1mWARNING: This is a development server. Do not use it in a production deployment. Use a production WSGI server instead.[0m
 * Running on all addresses (0.0.0.0)
 * Running on http://127.0.0.1:8080
 * Running on http://10.222.47.83:8080]
[2025-08-18 17:17:46,900: INFO: _internal: [33mPress CTRL+C to quit[0m]
[2025-08-18 17:18:14,957: INFO: _internal: 127.0.0.1 - - [18/Aug/2025 17:18:14] "GET / HTTP/1.1" 200 -]
[2025-08-18 17:18:40,543: ERROR: app: Exception on /predict [POST]]
Traceback (most recent call last):
  File "C:\Users\USER\anaconda3\envs\kidney\lib\site-packages\flask\app.py", line 2190, in wsgi_app
    response = self.full_dispatch_request()
  File "C:\Users\USER\anaconda3\envs\kidney\lib\site-packages\flask\app.py", line 1486, in full_dispatch_request
    rv = self.handle_user_exception(e)
  File "C:\Users\USER\anaconda3\envs\kidney\lib\site-packages\flask_cors\extension.py", line 176, in wrapped_function
    return cors_after_request(app.make_response(f(*args, **kwargs)))
  File "C:\Users\USER\anaconda3\envs\kidney\lib\site-packages\flask\app.py", line 1484, in full_dispatch_request
    rv = self.dispatch_request()
  File "C:\Users\USER\anaconda3\envs\kidney\lib\site-packages\flask\app.py", line 1469, in dispatch_request
    return self.ensure_sync(self.view_functions[rule.endpoint])(**view_args)
  File "C:\Users\USER\anaconda3\envs\kidney\lib\site-packages\flask_cors\decorator.py", line 121, in wrapped_function
    resp = make_response(f(*args, **kwargs))
  File "C:\Users\USER\Desktop\Practice DL End End Projects\Kidney-Disease-Classification-Deep-Learning-Project\app.py", line 44, in predictRoute
    result = clApp.classifier.predict()
  File "c:\users\user\desktop\practice dl end end projects\kidney-disease-classification-deep-learning-project\src\cnnClassifier\pipeline\prediction.py", line 16, in predict
    model = load_model(os.path.join("model", "model.h5"))
  File "C:\Users\USER\anaconda3\envs\kidney\lib\site-packages\keras\saving\saving_api.py", line 212, in load_model
    return legacy_sm_saving_lib.load_model(
  File "C:\Users\USER\anaconda3\envs\kidney\lib\site-packages\keras\utils\traceback_utils.py", line 70, in error_handler
    raise e.with_traceback(filtered_tb) from None
  File "C:\Users\USER\anaconda3\envs\kidney\lib\site-packages\keras\saving\legacy\save.py", line 230, in load_model
    raise IOError(
OSError: No file or directory found at model\model.h5
[2025-08-18 17:18:40,561: INFO: _internal: 127.0.0.1 - - [18/Aug/2025 17:18:40] "[35m[1mPOST /predict HTTP/1.1[0m" 500 -]
[2025-08-18 17:19:42,064: INFO: _internal: [31m[1mWARNING: This is a development server. Do not use it in a production deployment. Use a production WSGI server instead.[0m
 * Running on all addresses (0.0.0.0)
 * Running on http://127.0.0.1:8080
 * Running on http://10.222.47.83:8080]
[2025-08-18 17:19:42,065: INFO: _internal: [33mPress CTRL+C to quit[0m]
[2025-08-18 17:19:48,203: INFO: _internal: 127.0.0.1 - - [18/Aug/2025 17:19:48] "GET / HTTP/1.1" 200 -]
[2025-08-18 17:19:58,323: ERROR: app: Exception on /predict [POST]]
Traceback (most recent call last):
  File "C:\Users\USER\anaconda3\envs\kidney\lib\site-packages\flask\app.py", line 2190, in wsgi_app
    response = self.full_dispatch_request()
  File "C:\Users\USER\anaconda3\envs\kidney\lib\site-packages\flask\app.py", line 1486, in full_dispatch_request
    rv = self.handle_user_exception(e)
  File "C:\Users\USER\anaconda3\envs\kidney\lib\site-packages\flask_cors\extension.py", line 176, in wrapped_function
    return cors_after_request(app.make_response(f(*args, **kwargs)))
  File "C:\Users\USER\anaconda3\envs\kidney\lib\site-packages\flask\app.py", line 1484, in full_dispatch_request
    rv = self.dispatch_request()
  File "C:\Users\USER\anaconda3\envs\kidney\lib\site-packages\flask\app.py", line 1469, in dispatch_request
    return self.ensure_sync(self.view_functions[rule.endpoint])(**view_args)
  File "C:\Users\USER\anaconda3\envs\kidney\lib\site-packages\flask_cors\decorator.py", line 121, in wrapped_function
    resp = make_response(f(*args, **kwargs))
  File "C:\Users\USER\Desktop\Practice DL End End Projects\Kidney-Disease-Classification-Deep-Learning-Project\app.py", line 44, in predictRoute
    result = clApp.classifier.predict()
  File "c:\users\user\desktop\practice dl end end projects\kidney-disease-classification-deep-learning-project\src\cnnClassifier\pipeline\prediction.py", line 16, in predict
    model = load_model(os.path.join("model", "model.h5"))
  File "C:\Users\USER\anaconda3\envs\kidney\lib\site-packages\keras\saving\saving_api.py", line 212, in load_model
    return legacy_sm_saving_lib.load_model(
  File "C:\Users\USER\anaconda3\envs\kidney\lib\site-packages\keras\utils\traceback_utils.py", line 70, in error_handler
    raise e.with_traceback(filtered_tb) from None
  File "C:\Users\USER\anaconda3\envs\kidney\lib\site-packages\keras\saving\legacy\save.py", line 230, in load_model
    raise IOError(
OSError: No file or directory found at model\model.h5
[2025-08-18 17:19:58,346: INFO: _internal: 127.0.0.1 - - [18/Aug/2025 17:19:58] "[35m[1mPOST /predict HTTP/1.1[0m" 500 -]
[2025-08-18 17:20:50,826: ERROR: app: Exception on /predict [POST]]
Traceback (most recent call last):
  File "C:\Users\USER\anaconda3\envs\kidney\lib\site-packages\flask\app.py", line 2190, in wsgi_app
    response = self.full_dispatch_request()
  File "C:\Users\USER\anaconda3\envs\kidney\lib\site-packages\flask\app.py", line 1486, in full_dispatch_request
    rv = self.handle_user_exception(e)
  File "C:\Users\USER\anaconda3\envs\kidney\lib\site-packages\flask_cors\extension.py", line 176, in wrapped_function
    return cors_after_request(app.make_response(f(*args, **kwargs)))
  File "C:\Users\USER\anaconda3\envs\kidney\lib\site-packages\flask\app.py", line 1484, in full_dispatch_request
    rv = self.dispatch_request()
  File "C:\Users\USER\anaconda3\envs\kidney\lib\site-packages\flask\app.py", line 1469, in dispatch_request
    return self.ensure_sync(self.view_functions[rule.endpoint])(**view_args)
  File "C:\Users\USER\anaconda3\envs\kidney\lib\site-packages\flask_cors\decorator.py", line 121, in wrapped_function
    resp = make_response(f(*args, **kwargs))
  File "C:\Users\USER\Desktop\Practice DL End End Projects\Kidney-Disease-Classification-Deep-Learning-Project\app.py", line 44, in predictRoute
    result = clApp.classifier.predict()
  File "c:\users\user\desktop\practice dl end end projects\kidney-disease-classification-deep-learning-project\src\cnnClassifier\pipeline\prediction.py", line 16, in predict
    model = load_model(os.path.join("model", "model.h5"))
  File "C:\Users\USER\anaconda3\envs\kidney\lib\site-packages\keras\saving\saving_api.py", line 212, in load_model
    return legacy_sm_saving_lib.load_model(
  File "C:\Users\USER\anaconda3\envs\kidney\lib\site-packages\keras\utils\traceback_utils.py", line 70, in error_handler
    raise e.with_traceback(filtered_tb) from None
  File "C:\Users\USER\anaconda3\envs\kidney\lib\site-packages\keras\saving\legacy\save.py", line 230, in load_model
    raise IOError(
OSError: No file or directory found at model\model.h5
[2025-08-18 17:20:50,831: INFO: _internal: 127.0.0.1 - - [18/Aug/2025 17:20:50] "[35m[1mPOST /predict HTTP/1.1[0m" 500 -]
[2025-08-18 17:21:28,549: INFO: _internal: [31m[1mWARNING: This is a development server. Do not use it in a production deployment. Use a production WSGI server instead.[0m
 * Running on all addresses (0.0.0.0)
 * Running on http://127.0.0.1:8080
 * Running on http://10.222.47.83:8080]
[2025-08-18 17:21:28,549: INFO: _internal: [33mPress CTRL+C to quit[0m]
[2025-08-18 17:21:37,693: INFO: _internal: 127.0.0.1 - - [18/Aug/2025 17:21:37] "GET / HTTP/1.1" 200 -]
[2025-08-18 17:22:20,226: ERROR: app: Exception on /predict [POST]]
Traceback (most recent call last):
  File "C:\Users\USER\anaconda3\envs\kidney\lib\site-packages\flask\app.py", line 2190, in wsgi_app
    response = self.full_dispatch_request()
  File "C:\Users\USER\anaconda3\envs\kidney\lib\site-packages\flask\app.py", line 1486, in full_dispatch_request
    rv = self.handle_user_exception(e)
  File "C:\Users\USER\anaconda3\envs\kidney\lib\site-packages\flask_cors\extension.py", line 176, in wrapped_function
    return cors_after_request(app.make_response(f(*args, **kwargs)))
  File "C:\Users\USER\anaconda3\envs\kidney\lib\site-packages\flask\app.py", line 1484, in full_dispatch_request
    rv = self.dispatch_request()
  File "C:\Users\USER\anaconda3\envs\kidney\lib\site-packages\flask\app.py", line 1469, in dispatch_request
    return self.ensure_sync(self.view_functions[rule.endpoint])(**view_args)
  File "C:\Users\USER\anaconda3\envs\kidney\lib\site-packages\flask_cors\decorator.py", line 121, in wrapped_function
    resp = make_response(f(*args, **kwargs))
  File "C:\Users\USER\Desktop\Practice DL End End Projects\Kidney-Disease-Classification-Deep-Learning-Project\app.py", line 44, in predictRoute
    result = clApp.classifier.predict()
  File "c:\users\user\desktop\practice dl end end projects\kidney-disease-classification-deep-learning-project\src\cnnClassifier\pipeline\prediction.py", line 16, in predict
    model = load_model(os.path.join("model", "model.h5"))
  File "C:\Users\USER\anaconda3\envs\kidney\lib\site-packages\keras\saving\saving_api.py", line 212, in load_model
    return legacy_sm_saving_lib.load_model(
  File "C:\Users\USER\anaconda3\envs\kidney\lib\site-packages\keras\utils\traceback_utils.py", line 70, in error_handler
    raise e.with_traceback(filtered_tb) from None
  File "C:\Users\USER\anaconda3\envs\kidney\lib\site-packages\keras\saving\legacy\save.py", line 230, in load_model
    raise IOError(
OSError: No file or directory found at model\model.h5
[2025-08-18 17:22:20,254: INFO: _internal: 127.0.0.1 - - [18/Aug/2025 17:22:20] "[35m[1mPOST /predict HTTP/1.1[0m" 500 -]
[2025-08-18 18:32:53,782: INFO: _internal: [31m[1mWARNING: This is a development server. Do not use it in a production deployment. Use a production WSGI server instead.[0m
 * Running on all addresses (0.0.0.0)
 * Running on http://127.0.0.1:8080
 * Running on http://10.222.47.83:8080]
[2025-08-18 18:32:53,783: INFO: _internal: [33mPress CTRL+C to quit[0m]
[2025-08-18 18:33:13,943: INFO: _internal: 127.0.0.1 - - [18/Aug/2025 18:33:13] "GET / HTTP/1.1" 200 -]
[2025-08-18 18:33:21,385: ERROR: app: Exception on /predict [POST]]
Traceback (most recent call last):
  File "C:\Users\USER\anaconda3\envs\kidney\lib\site-packages\flask\app.py", line 2190, in wsgi_app
    response = self.full_dispatch_request()
  File "C:\Users\USER\anaconda3\envs\kidney\lib\site-packages\flask\app.py", line 1486, in full_dispatch_request
    rv = self.handle_user_exception(e)
  File "C:\Users\USER\anaconda3\envs\kidney\lib\site-packages\flask_cors\extension.py", line 176, in wrapped_function
    return cors_after_request(app.make_response(f(*args, **kwargs)))
  File "C:\Users\USER\anaconda3\envs\kidney\lib\site-packages\flask\app.py", line 1484, in full_dispatch_request
    rv = self.dispatch_request()
  File "C:\Users\USER\anaconda3\envs\kidney\lib\site-packages\flask\app.py", line 1469, in dispatch_request
    return self.ensure_sync(self.view_functions[rule.endpoint])(**view_args)
  File "C:\Users\USER\anaconda3\envs\kidney\lib\site-packages\flask_cors\decorator.py", line 121, in wrapped_function
    resp = make_response(f(*args, **kwargs))
  File "C:\Users\USER\Desktop\Practice DL End End Projects\Kidney-Disease-Classification-Deep-Learning-Project\app.py", line 44, in predictRoute
    result = clApp.classifier.predict()
  File "c:\users\user\desktop\practice dl end end projects\kidney-disease-classification-deep-learning-project\src\cnnClassifier\pipeline\prediction.py", line 16, in predict
    model = load_model(os.path.join("model", "model.h5"))
  File "C:\Users\USER\anaconda3\envs\kidney\lib\site-packages\keras\saving\saving_api.py", line 212, in load_model
    return legacy_sm_saving_lib.load_model(
  File "C:\Users\USER\anaconda3\envs\kidney\lib\site-packages\keras\utils\traceback_utils.py", line 70, in error_handler
    raise e.with_traceback(filtered_tb) from None
  File "C:\Users\USER\anaconda3\envs\kidney\lib\site-packages\keras\saving\legacy\save.py", line 230, in load_model
    raise IOError(
OSError: No file or directory found at model\model.h5
[2025-08-18 18:33:21,399: INFO: _internal: 127.0.0.1 - - [18/Aug/2025 18:33:21] "[35m[1mPOST /predict HTTP/1.1[0m" 500 -]
[2025-08-18 18:36:42,210: INFO: stage_03_model_training: ************************]
[2025-08-18 18:36:42,210: INFO: stage_03_model_training: >>>>> stage Training started <<<<<<<]
[2025-08-18 18:36:42,234: INFO: common: YAML file: config\config.yaml loaded successfully]
[2025-08-18 18:36:42,238: INFO: common: YAML file: params.yaml loaded successfully]
[2025-08-18 18:36:42,239: INFO: common: created directory at: artifacts]
[2025-08-18 18:36:42,240: INFO: common: created directory at: artifacts\training]
[2025-08-18 18:41:09,006: INFO: stage_03_model_training: >>>>> stage Training completed <<<<<<<

x==========x

]
[2025-08-18 18:49:34,135: INFO: _internal: [31m[1mWARNING: This is a development server. Do not use it in a production deployment. Use a production WSGI server instead.[0m
 * Running on all addresses (0.0.0.0)
 * Running on http://127.0.0.1:8080
 * Running on http://10.222.47.83:8080]
[2025-08-18 18:49:34,135: INFO: _internal: [33mPress CTRL+C to quit[0m]
[2025-08-18 18:49:38,040: INFO: _internal: 127.0.0.1 - - [18/Aug/2025 18:49:38] "GET / HTTP/1.1" 200 -]
[2025-08-18 18:49:47,017: ERROR: app: Exception on /predict [POST]]
Traceback (most recent call last):
  File "C:\Users\USER\anaconda3\envs\kidney\lib\site-packages\flask\app.py", line 2190, in wsgi_app
    response = self.full_dispatch_request()
  File "C:\Users\USER\anaconda3\envs\kidney\lib\site-packages\flask\app.py", line 1486, in full_dispatch_request
    rv = self.handle_user_exception(e)
  File "C:\Users\USER\anaconda3\envs\kidney\lib\site-packages\flask_cors\extension.py", line 176, in wrapped_function
    return cors_after_request(app.make_response(f(*args, **kwargs)))
  File "C:\Users\USER\anaconda3\envs\kidney\lib\site-packages\flask\app.py", line 1484, in full_dispatch_request
    rv = self.dispatch_request()
  File "C:\Users\USER\anaconda3\envs\kidney\lib\site-packages\flask\app.py", line 1469, in dispatch_request
    return self.ensure_sync(self.view_functions[rule.endpoint])(**view_args)
  File "C:\Users\USER\anaconda3\envs\kidney\lib\site-packages\flask_cors\decorator.py", line 121, in wrapped_function
    resp = make_response(f(*args, **kwargs))
  File "C:\Users\USER\Desktop\Practice DL End End Projects\Kidney-Disease-Classification-Deep-Learning-Project\app.py", line 44, in predictRoute
    result = clApp.classifier.predict()
  File "c:\users\user\desktop\practice dl end end projects\kidney-disease-classification-deep-learning-project\src\cnnClassifier\pipeline\prediction.py", line 16, in predict
    model = load_model(os.path.join("model", "model.h5"))
  File "C:\Users\USER\anaconda3\envs\kidney\lib\site-packages\keras\saving\saving_api.py", line 212, in load_model
    return legacy_sm_saving_lib.load_model(
  File "C:\Users\USER\anaconda3\envs\kidney\lib\site-packages\keras\utils\traceback_utils.py", line 70, in error_handler
    raise e.with_traceback(filtered_tb) from None
  File "C:\Users\USER\anaconda3\envs\kidney\lib\site-packages\keras\saving\legacy\save.py", line 230, in load_model
    raise IOError(
OSError: No file or directory found at model\model.h5
[2025-08-18 18:49:47,029: INFO: _internal: 127.0.0.1 - - [18/Aug/2025 18:49:47] "[35m[1mPOST /predict HTTP/1.1[0m" 500 -]
